src/admin/admin.schema.ts(41,12): error TS2349: This expression is not callable.
  Type 'SaveOptions' has no call signatures.
src/admin/admin.schema.ts(47,5): error TS2349: This expression is not callable.
  Type 'SaveOptions' has no call signatures.
src/admin/admin.schema.ts(49,5): error TS2349: This expression is not callable.
  Type 'SaveOptions' has no call signatures.
src/auth/auth.service.ts(39,47): error TS2339: Property 'issueAccessToken' does not exist on type 'JwtHelperService'.
src/auth/jwt-auth.guard.ts(19,45): error TS2339: Property 'verifyToken' does not exist on type 'JwtHelperService'.
src/role/role.service.ts(26,37): error TS2769: No overload matches this call.
  Overload 1 of 4, '(filter?: _QueryFilter<{ name: RoleEnum; created_at: Date; _id: ObjectId; $assertPopulated: <Paths = {}>(path: string | string[], values?: Partial<Paths> | undefined) => PopulateDocumentResult<...>; ... 219 more ...; "schema.virtualpath": (name: string) => VirtualType<...> | null; }> | undefined, projection?: ProjectionType<...> | ... 1 more ... | undefined, options?: (QueryOptions<...> & Abortable) | ... 1 more ... | undefined): Query<...>', gave the following error.
    Type 'string' is not assignable to type 'StrictCondition<ApplyBasicQueryCasting<RoleEnum>> | undefined'.
  Overload 2 of 4, '(filter?: Query<any, any, {}, unknown, "find", Record<string, never>> | undefined, projection?: ProjectionType<RoleDocument> | null | undefined, options?: (QueryOptions<...> & Abortable) | ... 1 more ... | undefined): Query<...>', gave the following error.
    Object literal may only specify known properties, and 'name' does not exist in type 'Query<any, any, {}, unknown, "find", Record<string, never>>'.
